// Jest Snapshot v1, https://goo.gl/fbAQLP

exports[`Computed #createComputed should throw error if missing a selector or computed function 1`] = `"Missing both a selector and compute function"`;

exports[`Computed #createComputed should throw error if missing a selector or computed function 2`] = `"Missing both a selector and compute function"`;

exports[`Computed #createComputed should throw error if missing a selector or computed function 3`] = `"Missing both a selector and compute function"`;
